/Users/harnishpatel/Documents/STM32F4-Bare Metal_Workspace/F4_chip_headers/CMSIS/Include/core_cm4.h:1688:22:__NVIC_EnableIRQ	16	static
../Src/uart.c:39:5:__io_putchar	16	static
../Src/uart.c:47:6:dma1_stream6_init	24	static
../Src/uart.c:104:6:uart2_rxtx_interrupt_init	8	static
../Src/uart.c:158:6:uart2_rxtx_init	8	static
../Src/uart.c:204:6:uart2_tx_init	8	static
../Src/uart.c:237:6:uart2_read	4	static
../Src/uart.c:245:6:uart2_write	16	static
../Src/uart.c:254:13:uart_set_baudrate	24	static
../Src/uart.c:259:17:compute_uart_bd	16	static
